// Vitest Snapshot v1, https://vitest.dev/guide/snapshot.html

exports[`is a valid ESLint config 1`] = `
{
  "name": "React",
  "plugins": {
    "perfectionist": [ESLint.Plugin],
    "react": [ESLint.Plugin],
    "react-hooks": [ESLint.Plugin],
    "react-naming-convention": [ESLint.Plugin],
    "react-x": [ESLint.Plugin],
  },
  "rules": {
    "perfectionist/sort-jsx-props": [
      "error",
      {
        "customGroups": [
          {
            "elementNamePattern": "^as$",
            "groupName": "as",
          },
          {
            "elementNamePattern": "^on.+",
            "groupName": "callback",
          },
          {
            "elementNamePattern": "^children$",
            "groupName": "children",
          },
          {
            "elementNamePattern": "^key$",
            "groupName": "key",
          },
          {
            "elementNamePattern": "^ref$",
            "groupName": "ref",
          },
          {
            "elementNamePattern": "^dangerously.+",
            "groupName": "unsafe",
          },
        ],
        "groups": [
          "key",
          "ref",
          "as",
          "unknown",
          "shorthand-prop",
          "callback",
          "children",
          "unsafe",
        ],
        "type": "unsorted",
      },
    ],
    "react-hooks/component-hook-factories": "error",
    "react-hooks/config": "error",
    "react-hooks/error-boundaries": "error",
    "react-hooks/exhaustive-deps": "error",
    "react-hooks/gating": "error",
    "react-hooks/globals": "error",
    "react-hooks/immutability": "error",
    "react-hooks/incompatible-library": "error",
    "react-hooks/preserve-manual-memoization": "error",
    "react-hooks/purity": "error",
    "react-hooks/refs": "error",
    "react-hooks/rules-of-hooks": "error",
    "react-hooks/set-state-in-effect": "error",
    "react-hooks/set-state-in-render": "error",
    "react-hooks/static-components": "error",
    "react-hooks/unsupported-syntax": "error",
    "react-hooks/use-memo": "error",
    "react-hooks/void-use-memo": "error",
    "react-naming-convention/component-name": "error",
    "react-naming-convention/context-name": "error",
    "react-naming-convention/ref-name": "error",
    "react-naming-convention/use-state": "error",
    "react-x/jsx-dollar": "error",
    "react-x/jsx-key-before-spread": "error",
    "react-x/jsx-no-iife": "error",
    "react-x/no-access-state-in-setstate": "error",
    "react-x/no-class-component": "error",
    "react-x/no-context-provider": "error",
    "react-x/no-default-props": "error",
    "react-x/no-duplicate-key": "error",
    "react-x/no-forward-ref": "error",
    "react-x/no-implicit-key": "error",
    "react-x/no-leaked-conditional-rendering": "error",
    "react-x/no-misused-capture-owner-stack": "error",
    "react-x/no-nested-component-definitions": "error",
    "react-x/no-nested-lazy-component-declarations": "error",
    "react-x/no-prop-types": "error",
    "react-x/no-unnecessary-use-callback": "error",
    "react-x/no-unnecessary-use-memo": "error",
    "react-x/no-unstable-context-value": "error",
    "react-x/no-unstable-default-props": "error",
    "react-x/no-use-context": "error",
    "react-x/prefer-destructuring-assignment": "error",
    "react-x/prefer-use-state-lazy-initialization": "error",
    "react/function-component-definition": [
      "error",
      {
        "namedComponents": [
          "arrow-function",
          "function-declaration",
        ],
        "unnamedComponents": "arrow-function",
      },
    ],
    "react/no-adjacent-inline-elements": "error",
  },
  "settings": {
    "react": {
      "version": "detect",
    },
  },
}
`;
